// Jest Snapshot v1, https://goo.gl/fbAQLP

exports[`Correctly renderer 1`] = `
<div
  className="buttonstyle__ButtonWrapper-sc-2v3gkn-0 koDNiB"
>
  <button
    className="button"
    type="button"
  >
    Hello
  </button>
</div>
`;
